Microchip MPLAB XC8 Compiler V2.32

Linker command line:

--edf=C:\Program Files\Microchip\xc8\v2.32\pic\dat\en_msgs.txt -cn \
  -h+dist/default/production\PWM.X.production.sym \
  --cmf=dist/default/production\PWM.X.production.cmf -z -Q16F877A \
  -oC:\Users\tiennh3\AppData\Local\Temp\xcAsd9g.4 --defsym=__MPLAB_BUILD=1 \
  -Mdist/default/production/PWM.X.production.map -E1 -ver=XC8 Compiler \
  --acfsm=1493 -ASTACK=0110h-016Fh -pstack=STACK -ACODE=00h-07FFhx4 \
  -ASTRCODE=00h-01FFFh -ASTRING=00h-0FFhx32 -ACONST=00h-0FFhx32 \
  -AENTRY=00h-0FFhx32 -ACOMMON=070h-07Fh -ABANK0=020h-06Fh \
  -ABANK1=0A0h-0EFh -ABANK2=0110h-016Fh -ABANK3=0190h-01EFh \
  -ARAM=020h-06Fh,0A0h-0EFh,0110h-016Fh,0190h-01EFh \
  -AABS1=020h-07Fh,0A0h-0EFh,0110h-016Fh,0190h-01EFh -ASFR0=00h-01Fh \
  -ASFR1=080h-09Fh -ASFR2=0100h-010Fh -ASFR3=0180h-018Fh \
  -ACONFIG=02007h-02007h -DCONFIG=2 -AIDLOC=02000h-02003h -DIDLOC=2 \
  -AEEDATA=00h-0FFh/02100h -peeprom_data=EEDATA -DEEDATA=2 -DCODE=2 \
  -DSTRCODE=2 -DSTRING=2 -DCONST=2 -DENTRY=2 \
  -preset_vec=00h,intentry,init,end_init -ppowerup=CODE -pcinit=CODE \
  -pfunctab=ENTRY -k C:\Users\tiennh3\AppData\Local\Temp\xcAsd9g.o \
  dist/default/production\PWM.X.production.o 

Object code version is 3.11

Machine type is 16F877A



                Name                               Link     Load   Length Selector   Space Scale
C:\Users\tiennh3\AppData\Local\Temp\xcAsd9g.o
                end_init                              0        0        3        0       0
                config                             2007     2007        1        0       4
dist/default/production\PWM.X.production.o
                cinit                               7FC      7FC        4      FF8       0
                config                             2007     2007        1        0       4
                text12                              F63      F63       9D     1EC6       0
                text11                              2BE      2BE      1DD      57C       0
                text10                              E5C      E5C       27     1CB8       0
                text9                               49B      49B      361      936       0
                text8                                 6        6       7C        C       0
                text7                                82       82       BC      104       0
                text6                               13E      13E       C0      27C       0
                text5                               EC5      EC5       4F     1D8A       0
                text4                               E46      E46        B     1C8C       0
                text3                               1FE      1FE       C0      3FC       0
                text2                               F14      F14       4F     1E28       0
                text1                               E51      E51        B     1CA2       0
                maintext                            E83      E83       42     1D06       0
                cstackBANK0                          20       20       4F       20       1
                cstackCOMMON                         70       70        D       70       1
                cstackBANK1                          A0       A0        6       A0       1
                nvBANK1                              A6       A6        4       A0       1

TOTAL           Name                               Link     Load   Length     Space
        CLASS   STACK          

        CLASS   CODE           
                end_init                              0        0        3         0
                cinit                               7FC      7FC        4         0
                text12                              F63      F63       9D         0
                text11                              2BE      2BE      1DD         0
                text10                              E5C      E5C       27         0
                text9                               49B      49B      361         0
                text8                                 6        6       7C         0
                text7                                82       82       BC         0
                text6                               13E      13E       C0         0
                text5                               EC5      EC5       4F         0
                text4                               E46      E46        B         0
                text3                               1FE      1FE       C0         0
                text2                               F14      F14       4F         0
                text1                               E51      E51        B         0
                maintext                            E83      E83       42         0

        CLASS   STRCODE        

        CLASS   STRING         

        CLASS   CONST          

        CLASS   ENTRY          

        CLASS   COMMON         
                cstackCOMMON                         70       70        D         1

        CLASS   BANK0          
                cstackBANK0                          20       20       4F         1

        CLASS   BANK1          
                cstackBANK1                          A0       A0        6         1
                nvBANK1                              A6       A6        4         1

        CLASS   BANK2          

        CLASS   BANK3          

        CLASS   RAM            

        CLASS   ABS1           
                abs_s1                               7E       7E        2         1

        CLASS   SFR0           

        CLASS   SFR1           

        CLASS   SFR2           

        CLASS   SFR3           

        CLASS   CONFIG         
                config                             2007     2007        1         4

        CLASS   IDLOC          

        CLASS   EEDATA         



SEGMENTS        Name                           Load    Length   Top    Selector   Space  Class     Delta

                reset_vec                      000000  000003  000003         0       0  CODE        2
                text8                          000006  00007C  000082         C       0  CODE        2
                cstackBANK0                    000020  00004F  00006F        20       1  BANK0       1
                cstackCOMMON                   000070  00000D  00007D        70       1  COMMON      1
                cstackBANK1                    0000A0  00000A  0000AA        A0       1  BANK1       1
                text7                          000082  0000BC  00013E       104       0  CODE        2
                text6                          00013E  0000C0  0001FE       27C       0  CODE        2
                text3                          0001FE  0000C0  0002BE       3FC       0  CODE        2
                text11                         0002BE  0001DD  00049B       57C       0  CODE        2
                text9                          00049B  000361  0007FC       936       0  CODE        2
                cinit                          0007FC  000004  000800       FF8       0  CODE        2
                text4                          000E46  00000B  000E51      1C8C       0  CODE        2
                text1                          000E51  00000B  000E5C      1CA2       0  CODE        2
                text10                         000E5C  000027  000E83      1CB8       0  CODE        2
                maintext                       000E83  000042  000EC5      1D06       0  CODE        2
                text5                          000EC5  00004F  000F14      1D8A       0  CODE        2
                text2                          000F14  00004F  000F63      1E28       0  CODE        2
                text12                         000F63  00009D  001000      1EC6       0  CODE        2


UNUSED ADDRESS RANGES

        Name                Unused          Largest block    Delta
        BANK0            006F-006F              1           1
        BANK1            00AA-00EF             46           1
        BANK2            0110-016F             60           1
        BANK3            0190-01EF             60           1
        CODE             0003-0005              3           2
                         0800-0E45            646
                         1000-1FFF            800
        COMMON           007D-007D              1           1
        CONST            0003-0005              3           2
                         0800-0E45            100
                         1000-1FFF            100
        EEDATA           2100-21FF            100           2
        ENTRY            0003-0005              3           2
                         0800-0E45            100
                         1000-1FFF            100
        IDLOC            2000-2003              4           2
        RAM              006F-006F              1           1
                         00AA-00EF             46
                         0110-016F             60
                         0190-01EF             60
        SFR0             0000-001F             20           1
        SFR1             0080-009F             20           1
        SFR2             0100-010F             10           1
        SFR3             0180-018F             10           1
        STACK            0110-016F             60           1
        STRCODE          0003-0005              3           2
                         0800-0E45            646
                         1000-1FFF           1000
        STRING           0003-0005              3           2
                         0800-0E45            100
                         1000-1FFF            100

                                  Symbol Table

?__Umul8_16              cstackCOMMON 0070
?___aldiv                cstackCOMMON 0070
?___fldiv                cstackBANK0  0030
?___flmul                cstackBANK0  004A
?___fltol                cstackBANK0  0064
?___xxtofl               cstackBANK0  0026
PWM1_Duty@duty           cstackBANK1  00A0
PWM1_Init@u32Frequency   cstackBANK0  0026
PWM2_Duty@duty           cstackBANK1  00A0
PWM2_Init@u32Frequency   cstackBANK0  0026
_CCP1M2                  (abs)        00BA
_CCP1M3                  (abs)        00BB
_CCP1X                   (abs)        00BD
_CCP1Y                   (abs)        00BC
_CCP2M2                  (abs)        00EA
_CCP2M3                  (abs)        00EB
_CCP2X                   (abs)        00ED
_CCP2Y                   (abs)        00EC
_CCPR1L                  (abs)        0015
_CCPR2L                  (abs)        001B
_PR2                     (abs)        0092
_PWM1_Duty               text6        013E
_PWM1_Init               text5        0EC5
_PWM1_Start              text4        0E46
_PWM2_Duty               text3        01FE
_PWM2_Init               text2        0F14
_PWM2_Start              text1        0E51
_T2CKPS0                 (abs)        0090
_T2CKPS1                 (abs)        0091
_TMR2ON                  (abs)        0092
_TRISC1                  (abs)        0439
_TRISC2                  (abs)        043A
__Habs1                  abs1         0000
__Hbank0                 bank0        0000
__Hbank1                 bank1        0000
__Hbank2                 bank2        0000
__Hbank3                 bank3        0000
__Hcinit                 cinit        0800
__Hclrtext               clrtext      0000
__Hcode                  code         0000
__Hcommon                common       0000
__Hconfig                config       2008
__HcstackBANK0           cstackBANK0  0000
__HcstackBANK1           cstackBANK1  0000
__HcstackCOMMON          cstackCOMMON 0000
__Heeprom_data           eeprom_data  0000
__Hend_init              end_init     0003
__Hfunctab               functab      0000
__Hinit                  init         0000
__Hintentry              intentry     0000
__Hmaintext              maintext     0000
__HnvBANK1               nvBANK1      0000
__Hpowerup               powerup      0000
__Hram                   ram          0000
__Hreset_vec             reset_vec    0000
__Hsfr0                  sfr0         0000
__Hsfr1                  sfr1         0000
__Hsfr2                  sfr2         0000
__Hsfr3                  sfr3         0000
__Hspace_0               (abs)        1000
__Hspace_1               (abs)        00AA
__Hspace_2               (abs)        0000
__Hspace_3               (abs)        0000
__Hspace_4               (abs)        400F
__Hstack                 stack        0000
__Hstrings               strings      0000
__Htext                  text         0000
__Labs1                  abs1         0000
__Lbank0                 bank0        0000
__Lbank1                 bank1        0000
__Lbank2                 bank2        0000
__Lbank3                 bank3        0000
__Lcinit                 cinit        07FC
__Lclrtext               clrtext      0000
__Lcode                  code         0000
__Lcommon                common       0000
__Lconfig                config       0000
__LcstackBANK0           cstackBANK0  0000
__LcstackBANK1           cstackBANK1  0000
__LcstackCOMMON          cstackCOMMON 0000
__Leeprom_data           eeprom_data  0000
__Lend_init              end_init     0000
__Lfunctab               functab      0000
__Linit                  init         0000
__Lintentry              intentry     0000
__Lmaintext              maintext     0000
__LnvBANK1               nvBANK1      0000
__Lpowerup               powerup      0000
__Lram                   ram          0000
__Lreset_vec             reset_vec    0000
__Lsfr0                  sfr0         0000
__Lsfr1                  sfr1         0000
__Lsfr2                  sfr2         0000
__Lsfr3                  sfr3         0000
__Lspace_0               (abs)        0000
__Lspace_1               (abs)        0000
__Lspace_2               (abs)        0000
__Lspace_3               (abs)        0000
__Lspace_4               (abs)        0000
__Lstack                 stack        0000
__Lstrings               strings      0000
__Ltext                  text         0000
__S0                     (abs)        1000
__S1                     (abs)        00AA
__S2                     (abs)        0000
__S3                     (abs)        0000
__Umul8_16               text10       0E5C
__Umul8_16@multiplicand  cstackCOMMON 0070
__Umul8_16@multiplier    cstackCOMMON 0078
__Umul8_16@product       cstackCOMMON 0074
__Umul8_16@word_mpld     cstackCOMMON 0076
___aldiv                 text12       0F63
___aldiv@counter         cstackBANK0  0020
___aldiv@dividend        cstackCOMMON 0074
___aldiv@divisor         cstackCOMMON 0070
___aldiv@quotient        cstackBANK0  0022
___aldiv@sign            cstackBANK0  0021
___fldiv                 text11       02BE
___fldiv@a               cstackBANK0  0030
___fldiv@aexp            cstackBANK0  0049
___fldiv@b               cstackBANK0  0034
___fldiv@bexp            cstackBANK0  0048
___fldiv@grs             cstackBANK0  0044
___fldiv@new_exp         cstackBANK0  0042
___fldiv@rem             cstackBANK0  003D
___fldiv@sign            cstackBANK0  0041
___flmul                 text9        049B
___flmul@a               cstackBANK0  004E
___flmul@aexp            cstackBANK0  005C
___flmul@b               cstackBANK0  004A
___flmul@bexp            cstackBANK0  005D
___flmul@grs             cstackBANK0  0058
___flmul@prod            cstackBANK0  005E
___flmul@sign            cstackBANK0  0057
___flmul@temp            cstackBANK0  0062
___fltol                 text8        0006
___fltol@exp1            cstackBANK0  006E
___fltol@f1              cstackBANK0  0064
___fltol@sign1           cstackBANK0  006D
___int_sp                stack        0000
___latbits               (abs)        0002
___sp                    stack        0000
___stackhi               (abs)        0000
___stacklo               (abs)        0000
___xxtofl                text7        0082
___xxtofl@arg            cstackBANK0  002C
___xxtofl@exp            cstackBANK0  002B
___xxtofl@sign           cstackBANK0  002A
___xxtofl@val            cstackBANK0  0026
__end_of_PWM1_Duty       text6        01FE
__end_of_PWM1_Init       text5        0F14
__end_of_PWM1_Start      text4        0E51
__end_of_PWM2_Duty       text3        02BE
__end_of_PWM2_Init       text2        0F63
__end_of_PWM2_Start      text1        0E5C
__end_of__Umul8_16       text10       0E83
__end_of___aldiv         text12       1000
__end_of___fldiv         text11       049B
__end_of___flmul         text9        07FC
__end_of___fltol         text8        0082
__end_of___xxtofl        text7        013E
__end_of__initialization cinit        07FC
__end_of_main            maintext     0EC5
__initialization         cinit        07FC
__pcstackBANK0           cstackBANK0  0020
__pcstackBANK1           cstackBANK1  00A0
__pcstackCOMMON          cstackCOMMON 0070
__pmaintext              maintext     0E83
__pnvBANK1               nvBANK1      00A6
__ptext1                 text1        0E51
__ptext10                text10       0E5C
__ptext11                text11       02BE
__ptext12                text12       0F63
__ptext2                 text2        0F14
__ptext3                 text3        01FE
__ptext4                 text4        0E46
__ptext5                 text5        0EC5
__ptext6                 text6        013E
__ptext7                 text7        0082
__ptext8                 text8        0006
__ptext9                 text9        049B
__size_of_PWM1_Duty      (abs)        0000
__size_of_PWM1_Init      (abs)        0000
__size_of_PWM1_Start     (abs)        0000
__size_of_PWM2_Duty      (abs)        0000
__size_of_PWM2_Init      (abs)        0000
__size_of_PWM2_Start     (abs)        0000
__size_of__Umul8_16      (abs)        0000
__size_of___aldiv        (abs)        0000
__size_of___fldiv        (abs)        0000
__size_of___flmul        (abs)        0000
__size_of___fltol        (abs)        0000
__size_of___xxtofl       (abs)        0000
__size_of_main           (abs)        0000
_main                    maintext     0E83
_u32TempFrequency        nvBANK1      00A6
btemp                    (abs)        007E
end_of_initialization    cinit        07FC
intlevel0                functab      0000
intlevel1                functab      0000
intlevel2                functab      0000
intlevel3                functab      0000
intlevel4                functab      0000
intlevel5                functab      0000
reset_vec                reset_vec    0000
start                    init         0000
start_initialization     cinit        07FC
wtemp0                   (abs)        007E


MODULE INFORMATION

Module		Function		Class		Link	Load	Size
C:\Program Files\Microchip\xc8\v2.32\pic\sources\c90\common\xxtofl.c
		___xxtofl      		CODE           	0082	0000	188

C:\Program Files\Microchip\xc8\v2.32\pic\sources\c90\common\xxtofl.c estimated size: 188

C:\Program Files\Microchip\xc8\v2.32\pic\sources\c90\common\Umul8_16.c
		__Umul8_16     		CODE           	0E5C	0000	39

C:\Program Files\Microchip\xc8\v2.32\pic\sources\c90\common\Umul8_16.c estimated size: 39

PWM.c
		_PWM1_Start    		CODE           	0E46	0000	11
		_PWM2_Start    		CODE           	0E51	0000	11
		_main          		CODE           	0E83	0000	66
		_PWM1_Init     		CODE           	0EC5	0000	79
		_PWM2_Init     		CODE           	0F14	0000	79
		_PWM1_Duty     		CODE           	013E	0000	192
		_PWM2_Duty     		CODE           	01FE	0000	192

PWM.c estimated size: 630

shared
		__initialization		CODE           	07FC	0000	1

shared estimated size: 1

C:\Program Files\Microchip\xc8\v2.32\pic\sources\c90\common\sprcmul.c
		___flmul       		CODE           	049B	0000	865

C:\Program Files\Microchip\xc8\v2.32\pic\sources\c90\common\sprcmul.c estimated size: 865

C:\Program Files\Microchip\xc8\v2.32\pic\sources\c90\common\sprcdiv.c
		___fldiv       		CODE           	02BE	0000	477

C:\Program Files\Microchip\xc8\v2.32\pic\sources\c90\common\sprcdiv.c estimated size: 477

C:\Program Files\Microchip\xc8\v2.32\pic\sources\c90\common\fltol.c
		___fltol       		CODE           	0006	0000	124

C:\Program Files\Microchip\xc8\v2.32\pic\sources\c90\common\fltol.c estimated size: 124

C:\Program Files\Microchip\xc8\v2.32\pic\sources\c90\common\aldiv.c
		___aldiv       		CODE           	0F63	0000	157

C:\Program Files\Microchip\xc8\v2.32\pic\sources\c90\common\aldiv.c estimated size: 157

